import "go:github.com/telephone/ts-shim"
import ts "go:github.com/tree-sitter/go-tree-sitter"
import tsgo "go:github.com/telephone/tsgrammar"

import "treesitter"

impl Graph {
  fn analyze(source: Slice<byte>, decls_query: string, calls_query: string) -> Graph {
    let parser = ts.NewParser()
    let language = ts.NewLanguage(tsgo.GoLanguage())
    if let Err(_) = parser.SetLanguage(language) {
      return Graph { decls: Slice.new(), edges: Slice.new() }
    }
    let Some(tree) = parser.Parse(source, tsshim.NewEmptyTree()) else {
      return Graph { decls: Slice.new(), edges: Slice.new() }
    }
    defer tree.Close()

    let mut graph = Graph { decls: Slice.new(), edges: Slice.new() }
    let mut seen: Slice<string> = Slice.new()
    if let Ok(query) = treesitter.compile(language, decls_query) {
      defer query.Close()
      for group in treesitter.matches(query, tree.RootNode(), source) {
        let mut name: Option<string> = None
        let mut receiver: Option<string> = None
        for hit in group {
          let mut n = hit.node
          match hit.name {
            "fn.name" => name = Some(n.Utf8Text(source)),
            "method.name" => name = Some(n.Utf8Text(source)),
            "method.receiver" => receiver = Some(trim_pointer(n.Utf8Text(source))),
            _ => (),
          }
        }
        let Some(nm) = name else {
          continue
        }
        let symbol = Symbol.pending(receiver.map_or(nm, |recv| f"{recv}.{nm}"))
        if !has_symbol(graph.decls, symbol) {
          graph.decls = graph.decls.append(symbol)
        }
      }
    }

    if let Ok(query) = treesitter.compile(language, calls_query) {
      defer query.Close()
      for group in treesitter.matches(query, tree.RootNode(), source) {
        for hit in group {
          if hit.name != "callee" { continue }
          let mut n = hit.node
          let (callee, kind) = resolve(
            n.Kind(),
            n.Utf8Text(source),
            graph.decls,
          )
          let caller = caller_of(n, source)
          let key = f"{caller}|{kind}|{callee.to_key()}"
          if seen.contains(key) { continue }
          seen = seen.append(key)
          graph.edges = graph.edges.append(
            Edge { caller: Symbol.pending(caller), callee, kind },
          )
        }
      }
    }
    graph
  }
}

fn caller_of(start: ts.Node, source: Slice<byte>) -> string {
  let mut node = start
  let mut cur = node.Parent()
  loop {
    let Some(parent) = cur else {
      return "<global>"
    }
    match parent.Kind() {
      "function_declaration" => return fn_name(parent, source),
      "method_declaration" => return method_identity(parent, source),
      _ => cur = parent.Parent(),
    }
  }
}

fn fn_name(decl: Ref<ts.Node>, source: Slice<byte>) -> string {
  decl.ChildByFieldName("name").map_or("", |n| n.Utf8Text(source))
}

fn method_identity(decl: Ref<ts.Node>, source: Slice<byte>) -> string {
  let recv = decl
    .ChildByFieldName("receiver")
    .map_or("", |r| receiver_type(r, source))
  f"{recv}.{fn_name(decl, source)}"
}

fn receiver_type(receiver: Ref<ts.Node>, source: Slice<byte>) -> string {
  receiver
    .NamedChild(0)
    .map_or("", |param| {
      param
        .ChildByFieldName("type")
        .map_or("", |ty| trim_pointer(ty.Utf8Text(source)))
    })
}

fn trim_pointer(t: string) -> string {
  if t.starts_with("*") { t.substring(1..t.length()) } else { t }
}

fn resolve(callee_kind: string, callee_text: string, decls: Slice<Symbol>) -> (Symbol, string) {
  if callee_kind == "identifier" {
    let symbol = Symbol.pending(callee_text)
    if has_symbol(decls, symbol) {
      (symbol, "local")
    } else {
      (Symbol.external(callee_text), "external")
    }
  } else {
    method_identity_for(field_name(callee_text), decls).map_or_else(
      || (Symbol.external(callee_text), "external"),
      |identity| (identity, "method"),
    )
  }
}

fn field_name(qualified: string) -> string {
  let parts = qualified.split(".")
  parts[parts.length() - 1]
}

fn method_identity_for(field: string, decls: Slice<Symbol>) -> Option<Symbol> {
  let mut found: Option<Symbol> = None
  for decl in decls {
    if decl.name.ends_with(f".{field}") {
      if found.is_some() { return None }
      found = Some(decl)
    }
  }
  found
}
