import "go:slices"
import "go:strings"

const RESET = "\x1b[0m"

const HEADER = "\x1b[1;36m"

const CONTEXT = "\x1b[1m"

const CONTEXT_LOCATION = "\x1b[2;3m"

const ADDED = "\x1b[38;5;114;48;2;25;43;34m"

const ADDED_LOCATION = "\x1b[2;3;38;5;114;48;2;25;43;34m"

const REMOVED = "\x1b[38;5;210;48;2;54;29;32m"

const REMOVED_LOCATION = "\x1b[2;3;38;5;210;48;2;54;29;32m"

pub struct Edge {
  pub caller: Symbol,
  pub callee: Symbol,
  pub kind: string,
}

pub struct Graph {
  pub decls: Slice<Symbol>,
  pub edges: Slice<Edge>,
}

fn has_symbol(symbols: Slice<Symbol>, wanted: Symbol) -> bool {
  symbols.find(|symbol| symbol.equals(wanted)).is_some()
}

impl Graph {
  pub fn merge(self, other: Graph) -> Graph {
    let mut decls = self.decls.clone()
    for declaration in other.decls {
      if !has_symbol(decls, declaration) { decls = decls.append(declaration) }
    }
    let mut edges = self.edges.clone()
    for edge in other.edges {
      let exists = edges
        .find(|current| {
          current.caller.equals(edge.caller) &&
          current.callee.equals(edge.callee)
        })
        .is_some()
      if !exists { edges = edges.append(edge) }
    }
    Graph { decls, edges }
  }

  pub fn diff_trees(self, other: Graph) -> string {
    let a_callees = self.adjacency()
    let b_callees = other.adjacency()
    // Lisette currently lowers `other.decls_by_file()` as `self.declsByFile()`.
    // Pass both graphs explicitly until that compiler bug is fixed.
    let a_files = self.decls_by_file()
    let b_files = other.decls_by_file()

    let mut file_names: Slice<string> = Slice.new()
    for (file, _) in a_files {
      file_names = file_names.append(file)
    }
    for (file, _) in b_files {
      if !file_names.contains(file) { file_names = file_names.append(file) }
    }
    slices.Sort(file_names)

    let mut lines: Slice<string> = Slice.new()
    for file in file_names {
      let mut fn_lines: Slice<string> = Slice.new()
      let a_names = a_files.get(file).unwrap_or_else(|| Slice.new())
      let b_names = b_files.get(file).unwrap_or_else(|| Slice.new())
      let mut names: Slice<string> = Slice.new()
      for n in a_names {
        if !names.contains(n) { names = names.append(n) }
      }
      for n in b_names {
        if !names.contains(n) { names = names.append(n) }
      }
      slices.Sort(names)

      for name in names {
        let in_a = a_names.contains(name)
        let in_b = b_names.contains(name)
        if !in_b {
          fn_lines = fn_lines.append(f"  - {name}")
          let identity = Symbol.local(file, name).to_key()
          let callees = a_callees.get(identity).unwrap_or_else(|| Slice.new())
          for callee in callees {
            fn_lines = fn_lines.append(f"      {callee.display_callee(file)}")
          }
        } else if !in_a {
          fn_lines = fn_lines.append(f"  + {name}")
          let identity = Symbol.local(file, name).to_key()
          let callees = b_callees.get(identity).unwrap_or_else(|| Slice.new())
          for callee in callees {
            fn_lines = fn_lines.append(f"      {callee.display_callee(file)}")
          }
        } else {
          let identity = Symbol.local(file, name).to_key()
          let ac = a_callees.get(identity).unwrap_or_else(|| Slice.new())
          let bc = b_callees.get(identity).unwrap_or_else(|| Slice.new())
          let changed = ac.find(|callee| !has_symbol(bc, callee)).is_some() ||
          bc.find(|callee| !has_symbol(ac, callee)).is_some()
          if changed {
            fn_lines = fn_lines.append(f"  {name}")
            for callee in bc {
              let prefix = if has_symbol(ac, callee) {
                "      "
              } else {
                "    + "
              }
              fn_lines = fn_lines.append(
                f"{prefix}{callee.display_callee(file)}",
              )
            }
            // Removed calls no longer have a source position in the new function,
            // so retain their order from the previous version after current calls.
            for callee in ac {
              if !has_symbol(bc, callee) {
                fn_lines = fn_lines.append(
                  f"    - {callee.display_callee(file)}",
                )
              }
            }
          }
        }
      }

      if fn_lines.length() > 0 {
        lines = lines.append(f"{file}:")
        for l in fn_lines {
          lines = lines.append(l)
        }
      }
    }
    strings.Join(lines, "\n")
  }

  pub fn diff_trees_ansi(self, other: Graph) -> string {
    let diff = self.diff_trees(other)
    if diff == "" { return "" }
    let mut styled: Slice<string> = Slice.new()
    for line in diff.split("\n") {
      styled = styled.append(style_diff_line(line))
    }
    strings.Join(styled, "\n")
  }

  fn adjacency(self) -> Map<string, Slice<Symbol>> {
    let mut map: Map<string, Slice<Symbol>> = Map.new()
    for e in self.edges {
      let key = e.caller.to_key()
      let mut list = map.get(key).unwrap_or_else(|| Slice.new())
      if !has_symbol(list, e.callee) { list = list.append(e.callee) }
      map[key] = list
    }
    map
  }

  fn decls_by_file(self) -> Map<string, Slice<string>> {
    let mut map: Map<string, Slice<string>> = Map.new()
    for d in self.decls {
      let file = d.file().unwrap_or("")
      let name = d.name
      let mut list = map.get(file).unwrap_or_else(|| Slice.new())
      if !list.contains(name) { list = list.append(name) }
      map[file] = list
    }
    map
  }

  pub fn render_tree(self) -> string {
    let callees = self.adjacency()
    let files = self.decls_by_file()

    let mut file_names: Slice<string> = Slice.new()
    for (file, _) in files {
      file_names = file_names.append(file)
    }
    slices.Sort(file_names)

    let mut lines: Slice<string> = Slice.new()
    for file in file_names {
      lines = lines.append(f"{file}:")
      let mut names = files.get(file).unwrap_or_else(|| Slice.new())
      slices.Sort(names)
      for name in names {
        lines = lines.append(f"  {name}")
        let identity = Symbol.local(file, name).to_key()
        let list = callees.get(identity).unwrap_or_else(|| Slice.new())
        for c in list {
          lines = lines.append(f"    - {c.display_callee(file)}")
        }
      }
    }
    strings.Join(lines, "\n")
  }
}

fn style_diff_line(line: string) -> string {
  if line.ends_with(":") { return f"{HEADER}{line}{RESET}" }
  if line.starts_with("  + ") || line.starts_with("    + ") {
    return style_change(line, ADDED, ADDED_LOCATION)
  }
  if line.starts_with("  - ") || line.starts_with("    - ") {
    return style_change(line, REMOVED, REMOVED_LOCATION)
  }
  if line.starts_with("  ") && !line.starts_with("    ") {
    return style_context(line)
  }
  style_neutral(line)
}

fn style_change(line: string, style: string, location_style: string) -> string {
  let parts = line.split(" (")
  if parts.length() == 2 {
    return f"{style}{parts[0]} ({location_style}{parts[1]}{RESET}"
  }
  f"{style}{line}{RESET}"
}

fn style_context(line: string) -> string {
  let parts = line.split(" (")
  if parts.length() == 2 {
    return f"{CONTEXT}{parts[0]} ({CONTEXT_LOCATION}{parts[1]}{RESET}"
  }
  f"{CONTEXT}{line}{RESET}"
}

fn style_neutral(line: string) -> string {
  let parts = line.split(" (")
  if parts.length() == 2 {
    return f"{parts[0]} ({CONTEXT_LOCATION}{parts[1]}{RESET}"
  }
  line
}
