pub enum SymbolLocation {
  File { path: string },
  External,
}

pub struct Symbol {
  pub location: SymbolLocation,
  pub name: string,
}

impl Symbol {
  pub fn local(file: string, name: string) -> Symbol {
    Symbol { location: SymbolLocation.File { path: file }, name }
  }

  pub fn external(name: string) -> Symbol {
    Symbol { location: SymbolLocation.External, name }
  }

  pub fn to_key(self) -> string {
    match self.location {
      SymbolLocation.File { path } => f"file:{path.length()}:{path}:{self.name}",
      SymbolLocation.External => f"external:{self.name}",
    }
  }

  pub fn display_key(self) -> string {
    match self.location {
      SymbolLocation.File { path } => f"{path}:{self.name}",
      SymbolLocation.External => self.name,
    }
  }

  fn file(self) -> Option<string> {
    match self.location {
      SymbolLocation.File { path } => Some(path),
      SymbolLocation.External => None,
    }
  }

  fn equals(self, other: Symbol) -> bool {
    self.to_key() == other.to_key()
  }

  #[allow(let_and_return)]
  fn display_callee(self, caller_file: string) -> string {
    let result = match self.location {
      SymbolLocation.External => f"{self.name} (external)",
      SymbolLocation.File { path } if path == caller_file => self.name,
      SymbolLocation.File { path } => f"{self.name} ({path})",
    }
    result
  }
}
