import "go:errors"
import "go:github.com/go-git/go-git/v5"
import "go:github.com/go-git/go-git/v5/plumbing"
import "go:os"
import "go:path/filepath"

pub struct Snapshot {
  pub label: string,
  pub files: Slice<File>,
}

pub fn commit(root: string, revision: string) -> Result<Snapshot, error> {
  let repository = git.PlainOpen(root)?
  let hash = repository.ResolveRevision(revision as plumbing.Revision)?
  let commit = repository.CommitObject(hash.*)?
  let iterator = commit.Files()?
  defer iterator.Close()

  let mut files: Slice<File> = Slice.new()
  iterator.ForEach(|file| {
    if !supported(file.Name) { return Ok(()) }
    files = files.append(
      File { path: file.Name, content: file.Contents()?.bytes() },
    )
    Ok(())
  })?
  Ok(Snapshot { label: revision, files })
}

pub fn worktree(root: string) -> Result<Snapshot, error> {
  let repository = git.PlainOpen(root)?
  let Some(storer) = repository.Storer else {
    return Err(errors.New("repository has no index storage"))
  }
  let git_index = storer.Index()?
  let mut seen: Map<string, bool> = Map.new()
  let mut tracked: Slice<File> = Slice.new()
  for entry in git_index.Entries {
    let Some(entry) = entry else {
      continue
    }
    if !supported(entry.Name) || seen.get(entry.Name).unwrap_or(false) {
      continue
    }
    seen[entry.Name] = true
    let Ok(content) = os.ReadFile(filepath.Join(root, entry.Name)) else {
      continue
    }
    tracked = tracked.append(File { path: entry.Name, content })
  }
  Ok(Snapshot { label: "worktree", files: tracked })
}
